// Jest Snapshot v1, https://goo.gl/fbAQLP

exports[`<ContentNav /> matches snapshot 1`] = `
<styled.ul>
  <styled.li>
    Global Feed
  </styled.li>
</styled.ul>
`;
