// Jest Snapshot v1, https://goo.gl/fbAQLP

exports[`<ArticleHeader /> renders correctly 1`] = `ShallowWrapper {}`;
